// Jest Snapshot v1, https://goo.gl/fbAQLP

exports[`render should render ok with minimal props passed 1`] = `
<div
  class="MuiChip-root makeStyles-chip-1 makeStyles-chip-7 makeStyles-outlined-4 makeStyles-outlined-10 MuiChip-outlined"
  data-testid="chip"
>
  <span
    class="MuiChip-label"
  >
    My Chip
  </span>
</div>
`;
