// Jest Snapshot v1, https://goo.gl/fbAQLP

exports[`no spacing style should have spacing 1`] = `
<button
  className="MuiButtonBase-root MuiButton-root MuiButton-contained MuiButton-containedPrimary"
  data-testid="button"
  disabled={false}
  onBlur={[Function]}
  onDragLeave={[Function]}
  onFocus={[Function]}
  onKeyDown={[Function]}
  onKeyUp={[Function]}
  onMouseDown={[Function]}
  onMouseLeave={[Function]}
  onMouseUp={[Function]}
  onTouchEnd={[Function]}
  onTouchMove={[Function]}
  onTouchStart={[Function]}
  tabIndex={0}
  type="primary"
>
  <span
    className="MuiButton-label"
  >
    My Button
  </span>
</button>
`;

exports[`render should render ok with no props passed 1`] = `
<button
  class="MuiButtonBase-root MuiButton-root MuiButton-contained MuiButton-containedPrimary"
  data-testid="button"
  tabindex="0"
  type="primary"
>
  <span
    class="MuiButton-label"
  >
    My Button
  </span>
  <span
    class="MuiTouchRipple-root"
  />
</button>
`;
